[2026-08-18 13:20:45] 오류 - Missing an argument for parameter 'Arguments'. Specify a parameter of type 'System.String[]' and try again.
[2026-08-18 13:21:03] [DryRun] 아래 내용으로 커밋할 예정입니다.
[2026-08-18 13:23:37] 변경 없음 - 커밋하지 않았습니다.
[2026-08-18 13:25:59] 오류 - warning: in the working copy of 'README.md', LF will be replaced by CRLF the next time Git touches it
[2026-08-18 13:26:16] 변경 없음 - 커밋하지 않았습니다.
[2026-08-18 13:28:11] 오류 - git add 실패 (exit 128)
[2026-08-18 13:28:33] [DryRun] 아래 내용으로 커밋할 예정입니다.
[2026-08-18 13:28:53] 커밋 완료 - 2026-08-18 저장소 정리: README 외 3건
[2026-08-18 13:28:56] push 완료 - origin/main
[2026-08-18 22:00:07] 변경 없음 - 커밋하지 않았습니다.
[2026-08-20 10:08:35] 커밋 완료 - 2026-08-20 저장소 정리: register-task
[2026-08-20 10:08:38] push 완료 - origin/main
[2026-08-20 10:09:47] 오늘(2026-08-20) 이미 커밋이 있어 건너뜁니다.
[2026-08-20 10:10:06] [DryRun] 아래 내용으로 커밋할 예정입니다.
[2026-08-20 10:10:07] 오늘(2026-08-20) 이미 커밋이 있어 건너뜁니다.
[2026-08-20 10:51:42]   노트북 정리 3개 (남은 115개)  [미리보기]
[2026-08-20 10:51:42]     [정리] 251015 LAB 1. 파이썬.ipynb
[2026-08-20 10:51:42]            - language_info 통일 (3.13.9 → 3.11.9)
[2026-08-20 10:51:42]            - 맨 끝 빈 셀 1개 제거
[2026-08-20 10:51:42]            - 셀 5개 공백 정리
[2026-08-20 10:51:42]     [정리] 251016 LAB 2. 파이썬.ipynb
[2026-08-20 10:51:42]            - 맨 끝 빈 셀 1개 제거
[2026-08-20 10:51:42]            - 셀 12개 공백 정리
[2026-08-20 10:51:42]     [정리] 251017 LAB 3. 파이썬.ipynb
[2026-08-20 10:51:42]            - 맨 끝 빈 셀 1개 제거
[2026-08-20 10:51:42]            - 셀 10개 공백 정리
[2026-08-20 10:51:42]   바뀐 파일 3개 / 남은 노트북 112개
[2026-08-20 10:51:42] 오류 - "1"개의 인수가 있는 "GetFileNameWithoutExtension"을(를) 호출하는 동안 예외가 발생했습니다. "경로에 잘못된 문자가 있습니다."
[2026-08-20 10:52:10]   노트북 정리 3개 (남은 115개)  [미리보기]
[2026-08-20 10:52:10]     [정리] 251015 LAB 1. 파이썬.ipynb
[2026-08-20 10:52:10]            - language_info 통일 (3.13.9 → 3.11.9)
[2026-08-20 10:52:10]            - 맨 끝 빈 셀 1개 제거
[2026-08-20 10:52:10]            - 셀 5개 공백 정리
[2026-08-20 10:52:10]     [정리] 251016 LAB 2. 파이썬.ipynb
[2026-08-20 10:52:10]            - 맨 끝 빈 셀 1개 제거
[2026-08-20 10:52:10]            - 셀 12개 공백 정리
[2026-08-20 10:52:10]     [정리] 251017 LAB 3. 파이썬.ipynb
[2026-08-20 10:52:10]            - 맨 끝 빈 셀 1개 제거
[2026-08-20 10:52:10]            - 셀 10개 공백 정리
[2026-08-20 10:52:10]   바뀐 파일 3개 / 남은 노트북 112개
[2026-08-20 10:52:10] [DryRun] 아래 내용으로 커밋할 예정입니다.
[2026-08-20 22:00:04] 오늘(2026-08-20) 이미 커밋이 있어 건너뜁니다.
[2026-08-22 00:34:54]   노트북 정리 3개 (남은 112개)
[2026-08-22 00:34:54]     [정리] 251020 LAB 4. 파이썬.ipynb
[2026-08-22 00:34:54]            - 셀 6개 공백 정리
[2026-08-22 00:34:54]     [정리] 251021 LAB 5. 파이썬.ipynb
[2026-08-22 00:34:54]            - 맨 끝 빈 셀 1개 제거
[2026-08-22 00:34:55]            - 셀 8개 공백 정리
[2026-08-22 00:34:55]     [정리] 251022 LAB 6. 파이썬.ipynb
[2026-08-22 00:34:55]            - language_info 통일 (3.13.9 → 3.11.9)
[2026-08-22 00:34:55]            - 맨 끝 빈 셀 1개 제거
[2026-08-22 00:34:55]            - 셀 3개 공백 정리
[2026-08-22 00:34:55]   바뀐 파일 3개 / 남은 노트북 109개
[2026-08-22 00:34:56] 커밋 완료 - 2026-08-22 노트북 형식 정리: 251020 LAB 4. 파이썬 외 3건
[2026-08-22 00:34:59] push 완료 - origin/main
[2026-08-26 23:22:24]   노트북 정리 3개 (남은 109개)
[2026-08-26 23:22:24]     [정리] 251024 LAB 7. 파이썬.ipynb
[2026-08-26 23:22:24]            - kernelspec 통일
[2026-08-26 23:22:24]            - language_info 통일 (3.13.5 → 3.11.9)
[2026-08-26 23:22:24]            - 맨 끝 빈 셀 1개 제거
[2026-08-26 23:22:24]            - 셀 8개 공백 정리
[2026-08-26 23:22:24]     [정리] 251027 LAB 8. 파이썬.ipynb
[2026-08-26 23:22:24]            - kernelspec 통일
[2026-08-26 23:22:24]            - language_info 통일 (3.13.5 → 3.11.9)
[2026-08-26 23:22:24]            - 맨 끝 빈 셀 1개 제거
[2026-08-26 23:22:24]            - 셀 11개 공백 정리
[2026-08-26 23:22:24]     [정리] 251030 LAB 9. 파이썬.ipynb
[2026-08-26 23:22:24]            - language_info 통일 (3.13.9 → 3.11.9)
[2026-08-26 23:22:24]            - 셀 7개 공백 정리
[2026-08-26 23:22:24]   바뀐 파일 3개 / 남은 노트북 106개
[2026-08-26 23:22:25] 커밋 완료 - 2026-08-26 노트북 형식 정리: 251024 LAB 7. 파이썬 외 3건
[2026-08-26 23:22:28] push 완료 - origin/main
[2026-08-27 22:00:12]   노트북 정리 3개 (남은 106개)
[2026-08-27 22:00:13]     [정리] 251031 LAB 10. 파이썬.ipynb
[2026-08-27 22:00:13]            - kernelspec 통일
[2026-08-27 22:00:13]            - language_info 통일 (없음 → 3.11.9)
[2026-08-27 22:00:13]     [정리] 251104 LAB 11. 파이썬.ipynb
[2026-08-27 22:00:13]            - language_info 통일 (3.13.9 → 3.11.9)
[2026-08-27 22:00:13]            - 셀 3개 공백 정리
[2026-08-27 22:00:13]     [정리] 251104 Lab 11-1. 파이썬.ipynb
[2026-08-27 22:00:13]            - language_info 통일 (3.13.9 → 3.11.9)
[2026-08-27 22:00:13]            - 맨 끝 빈 셀 1개 제거
[2026-08-27 22:00:13]            - 셀 4개 공백 정리
[2026-08-27 22:00:13]   바뀐 파일 3개 / 남은 노트북 103개
[2026-08-27 22:00:14] 커밋 완료 - 2026-08-27 노트북 형식 정리: 251031 LAB 10. 파이썬 외 3건
[2026-08-27 22:00:18] push 완료 - origin/main
[2026-08-30 22:00:18]   노트북 정리 3개 (남은 103개)
[2026-08-30 22:00:18]     [정리] 251106 LAB 12. 파이썬.ipynb
[2026-08-30 22:00:18]            - language_info 통일 (3.13.9 → 3.11.9)
[2026-08-30 22:00:18]            - 맨 끝 빈 셀 1개 제거
[2026-08-30 22:00:18]            - 셀 5개 공백 정리
[2026-08-30 22:00:18]     [정리] DATA ANALISIS BASIC/LAB 1/LAB 1-1. Numpy 시작하기.ipynb
[2026-08-30 22:00:18]            - 셀 2개 공백 정리
[2026-08-30 22:00:18]     [정리] DATA ANALISIS BASIC/LAB 1/LAB 1-2. ndarray 주요기능.ipynb
[2026-08-30 22:00:18]            - language_info 통일 (3.13.9 → 3.11.9)
[2026-08-30 22:00:18]            - 맨 끝 빈 셀 1개 제거
[2026-08-30 22:00:18]            - 셀 1개 공백 정리
[2026-08-30 22:00:18]   바뀐 파일 3개 / 남은 노트북 100개
[2026-08-30 22:00:20] 커밋 완료 - 2026-08-30 노트북 형식 정리: 251106 LAB 12. 파이썬 외 3건
[2026-08-30 22:00:25] push 완료 - origin/main
[2026-09-01 00:18:43]   노트북 정리 3개 (남은 100개)
[2026-09-01 00:18:43]     [정리] DATA ANALISIS BASIC/LAB 1/LAB 1-3. 그밖의 ndarray.ipynb
[2026-09-01 00:18:43]            - language_info 통일 (3.13.9 → 3.11.9)
[2026-09-01 00:18:43]            - 맨 끝 빈 셀 1개 제거
[2026-09-01 00:18:43]            - 셀 3개 공백 정리
[2026-09-01 00:18:43]     [정리] DATA ANALISIS BASIC/LAB 1/LAB 1-4 ndarray 형태 변환.ipynb
[2026-09-01 00:18:43]            - language_info 통일 (3.13.9 → 3.11.9)
[2026-09-01 00:18:43]            - 맨 끝 빈 셀 1개 제거
[2026-09-01 00:18:43]            - 셀 1개 공백 정리
[2026-09-01 00:18:43]     [정리] DATA ANALISIS BASIC/LAB 1/LAB 1-5 기초 통계량의 이해 - 1.ipynb
[2026-09-01 00:18:44]            - language_info 통일 (3.13.9 → 3.11.9)
[2026-09-01 00:18:44]            - 맨 끝 빈 셀 1개 제거
[2026-09-01 00:18:44]            - 셀 1개 공백 정리
[2026-09-01 00:18:44]   바뀐 파일 3개 / 남은 노트북 97개
[2026-09-01 00:18:44] 커밋 완료 - 2026-09-01 노트북 형식 정리: LAB 1-3. 그밖의 ndarray 외 3건
[2026-09-01 00:18:50] push 완료 - origin/main
[2026-09-07 22:51:48]   노트북 정리 3개 (남은 97개)
[2026-09-07 22:51:48]     [정리] DATA ANALISIS BASIC/LAB 1/LAB 1-5 기초 통계량의 이해 - 2.ipynb
[2026-09-07 22:51:48]            - language_info 통일 (3.13.9 → 3.11.9)
[2026-09-07 22:51:48]            - 맨 끝 빈 셀 1개 제거
[2026-09-07 22:51:48]            - 셀 7개 공백 정리
[2026-09-07 22:51:48]     [정리] DATA ANALISIS BASIC/LAB 2/LAB 2-1 Series 자료형.ipynb
[2026-09-07 22:51:48]            - language_info 통일 (3.13.9 → 3.11.9)
[2026-09-07 22:51:48]            - 맨 끝 빈 셀 1개 제거
[2026-09-07 22:51:48]            - 셀 1개 공백 정리
[2026-09-07 22:51:48]     [정리] DATA ANALISIS BASIC/LAB 2/LAB 2-2 Series 객체의 기능.ipynb
[2026-09-07 22:51:48]            - language_info 통일 (3.13.9 → 3.11.9)
[2026-09-07 22:51:48]            - 맨 끝 빈 셀 1개 제거
[2026-09-07 22:51:48]            - 셀 4개 공백 정리
[2026-09-07 22:51:48]   바뀐 파일 3개 / 남은 노트북 94개
[2026-09-07 22:51:51] 커밋 완료 - 2026-09-07 노트북 형식 정리: 251024 LAB 7. 파이썬 외 7건
[2026-09-07 22:51:56] push 완료 - origin/main
[2026-09-08 13:59:20]   노트북 정리 3개 (남은 94개)  [미리보기]
[2026-09-08 13:59:20]     [정리] DATA ANALISIS BASIC/LAB 2/LAB 2-3 DataFrame 자료형.ipynb
[2026-09-08 13:59:20]            - 맨 끝 빈 셀 1개 제거
[2026-09-08 13:59:20]     [정리] DATA ANALISIS BASIC/LAB 3/LAB 3-1 데이터 확인하기.ipynb
[2026-09-08 13:59:20]            - 맨 끝 빈 셀 1개 제거
[2026-09-08 13:59:20]     [정리] DATA ANALISIS BASIC/LAB 3/LAB 3-2 dummy.ipynb
[2026-09-08 13:59:20]            - 맨 끝 빈 셀 1개 제거
[2026-09-08 13:59:20]   바뀐 파일 3개 / 남은 노트북 91개
[2026-09-08 13:59:20] [DryRun] 정리 예정 및 현재 변경 목록입니다. 스테이징/커밋/push는 실행하지 않았습니다.
[2026-09-08 13:59:46]   노트북 정리 3개 (남은 94개)
[2026-09-08 13:59:46]     [정리] DATA ANALISIS BASIC/LAB 2/LAB 2-3 DataFrame 자료형.ipynb
[2026-09-08 13:59:46]            - 맨 끝 빈 셀 1개 제거
[2026-09-08 13:59:46]     [정리] DATA ANALISIS BASIC/LAB 3/LAB 3-1 데이터 확인하기.ipynb
[2026-09-08 13:59:46]            - 맨 끝 빈 셀 1개 제거
[2026-09-08 13:59:46]     [정리] DATA ANALISIS BASIC/LAB 3/LAB 3-2 dummy.ipynb
[2026-09-08 13:59:46]            - 맨 끝 빈 셀 1개 제거
[2026-09-08 13:59:46]   바뀐 파일 3개 / 남은 노트북 91개
[2026-09-08 13:59:47] 커밋 완료 - 2026-09-08 노트북 형식 정리: LAB 2-3 DataFrame 자료형 외 6건
[2026-09-08 13:59:50] push 완료 - origin/main
[2026-09-09 12:41:40]   노트북 정리 3개 (남은 91개)
[2026-09-09 12:41:40]     [유지] DATA ANALISIS BASIC/LAB 4/LAB 4-1 DATA PROCESSING.ipynb (이미 정상)
[2026-09-09 12:41:40]     [정리] DATA ANALISIS BASIC/LAB 4/LAB 4-2 데이터 구조 점검.ipynb
[2026-09-09 12:41:40]            - 맨 끝 빈 셀 1개 제거
[2026-09-09 12:41:40]     [유지] DATA ANALISIS BASIC/LAB 4/LAB 4-3 데이터 정제 - 결측치.ipynb (이미 정상)
[2026-09-09 12:41:40]   바뀐 파일 1개 / 남은 노트북 88개
[2026-09-09 12:41:41] 커밋 완료 - 2026-09-09 노트북 형식 정리: LAB 4-2 데이터 구조 점검 외 1건
[2026-09-09 12:41:44] push 완료 - origin/main
[2026-09-10 09:49:34]   노트북 정리 3개 (남은 88개)
[2026-09-10 09:49:34]     [정리] DATA ANALISIS BASIC/LAB 4/LAB 4-4 데이터 정제 - 이상치.ipynb
[2026-09-10 09:49:34]            - 맨 끝 빈 셀 1개 제거
[2026-09-10 09:49:34]     [유지] DATA ANALISIS BASIC/LAB 5/LAB 5-1 열 기준 병합.ipynb (이미 정상)
[2026-09-10 09:49:34]     [정리] DATA ANALISIS BASIC/LAB 5/LAB 5-2 행 기준 병합.ipynb
[2026-09-10 09:49:34]            - 맨 끝 빈 셀 1개 제거
[2026-09-10 09:49:34]   바뀐 파일 2개 / 남은 노트북 85개
[2026-09-10 09:49:36] 커밋 완료 - 2026-09-10 노트북 형식 정리: LAB 4-4 데이터 정제 - 이상치 외 2건
[2026-09-10 09:49:52] push 완료 - origin/main
[2026-09-27 12:59:53]   노트북 정리 3개 (남은 98개)
[2026-09-27 12:59:53]     [정리] DATA ANALISIS BASIC/LAB 6. 데이터 전처리/LAB 6-2 데이터 재구조화 - 2.ipynb
[2026-09-27 12:59:53]            - 맨 끝 빈 셀 1개 제거
[2026-09-27 12:59:53]     [정리] DATA ANALISIS BASIC/LAB 6. 데이터 전처리/LAB 6-3 파생변수.ipynb
[2026-09-27 12:59:53]            - 맨 끝 빈 셀 1개 제거
[2026-09-27 12:59:53]     [정리] DATA ANALISIS BASIC/LAB 6. 데이터 전처리/LAB 6-4 명목형 변수 인코딩.ipynb
[2026-09-27 12:59:53]            - 맨 끝 빈 셀 1개 제거
[2026-09-27 12:59:53]   바뀐 파일 3개 / 남은 노트북 95개
[2026-09-27 12:59:55] 커밋 완료 - 2026-09-27 노트북 형식 정리: LAB 4-1 DATA PROCESSING 외 80건
[2026-09-27 12:59:59] push 완료 - origin/main
[2026-09-28 22:00:11]   노트북 정리 3개 (남은 95개)
[2026-09-28 22:00:11]     [정리] DATA ANALISIS BASIC/LAB 7. 시각화/LAB 7-1 LinePlot.ipynb
[2026-09-28 22:00:11]            - 맨 끝 빈 셀 1개 제거
[2026-09-28 22:00:11]     [정리] DATA ANALISIS BASIC/LAB 7. 시각화/LAB 7-2-1 시각화 연습.ipynb
[2026-09-28 22:00:11]            - 맨 끝 빈 셀 1개 제거
[2026-09-28 22:00:11]     [정리] DATA ANALISIS BASIC/LAB 7. 시각화/LAB 7-2.데이터분포 시각화-1.ipynb
[2026-09-28 22:00:11]            - 맨 끝 빈 셀 1개 제거
[2026-09-28 22:00:11]   바뀐 파일 3개 / 남은 노트북 92개
